// Vitest Snapshot v1, https://vitest.dev/guide/snapshot.html

exports[`Calculation Parity Tests (Frontend) > snapshots all fixture outputs for cross-platform comparison 1`] = `
{
  "basic_ups_us_wooden_box": {
    "billableWeight": 54,
    "breakdown": {
      "appliedSurcharges": undefined,
      "destDuty": 0,
      "dhlAddOnDetails": [
        {
          "amount": 42800,
          "code": "AHS",
          "fscAmount": 12840,
          "nameEn": "Additional Handling",
          "nameKo": "비규격품부가요금",
        },
      ],
      "dhlAddOnTotal": 55640,
      "handlingFees": 35000,
      "intlBase": 658692,
      "intlFsc": 197607.6,
      "intlManualSurge": undefined,
      "intlSurge": 0,
      "intlSystemSurcharge": undefined,
      "intlWarRisk": 0,
      "packingFumigation": 30000,
      "packingLabor": 100000,
      "packingMaterial": 47700,
      "pickupInSeoul": 0,
      "totalCost": 1124639.6,
    },
    "carrier": "UPS",
    "profitMargin": 15.01,
    "totalCostAmount": 1124639.6,
    "totalQuoteAmount": 1323200,
    "totalQuoteAmountUSD": 945.14,
  },
  "dhl_eu_with_pickup": {
    "billableWeight": 5,
    "breakdown": {
      "appliedSurcharges": undefined,
      "destDuty": 0,
      "dhlAddOnDetails": undefined,
      "dhlAddOnTotal": undefined,
      "handlingFees": 35000,
      "intlBase": 153482,
      "intlFsc": 42974.96000000001,
      "intlManualSurge": undefined,
      "intlSurge": 0,
      "intlSystemSurcharge": undefined,
      "intlWarRisk": 0,
      "packingFumigation": 0,
      "packingLabor": 0,
      "packingMaterial": 0,
      "pickupInSeoul": 50000,
      "totalCost": 281456.96,
    },
    "carrier": "DHL",
    "profitMargin": 20.02,
    "totalCostAmount": 281456.96,
    "totalQuoteAmount": 351900,
    "totalQuoteAmountUSD": 251.36,
  },
  "dhl_gb_zero_margin": {
    "billableWeight": 8,
    "breakdown": {
      "appliedSurcharges": undefined,
      "destDuty": 0,
      "dhlAddOnDetails": undefined,
      "dhlAddOnTotal": undefined,
      "handlingFees": 35000,
      "intlBase": 201818,
      "intlFsc": 60545.399999999994,
      "intlManualSurge": undefined,
      "intlSurge": 0,
      "intlSystemSurcharge": undefined,
      "intlWarRisk": 0,
      "packingFumigation": 0,
      "packingLabor": 0,
      "packingMaterial": 0,
      "pickupInSeoul": 0,
      "totalCost": 297363.4,
    },
    "carrier": "DHL",
    "profitMargin": 0.01,
    "totalCostAmount": 297363.4,
    "totalQuoteAmount": 297400,
    "totalQuoteAmountUSD": 212.43,
  },
  "dhl_sg_no_packing": {
    "billableWeight": 10,
    "breakdown": {
      "appliedSurcharges": undefined,
      "destDuty": 0,
      "dhlAddOnDetails": undefined,
      "dhlAddOnTotal": undefined,
      "handlingFees": 35000,
      "intlBase": 114874,
      "intlFsc": 34462.2,
      "intlManualSurge": undefined,
      "intlSurge": 0,
      "intlSystemSurcharge": undefined,
      "intlWarRisk": 0,
      "packingFumigation": 0,
      "packingLabor": 0,
      "packingMaterial": 0,
      "pickupInSeoul": 0,
      "totalCost": 184336.2,
    },
    "carrier": "DHL",
    "profitMargin": 15.01,
    "totalCostAmount": 184336.2,
    "totalQuoteAmount": 216900,
    "totalQuoteAmountUSD": 154.93,
  },
  "emax_cn_ddp_with_surge": {
    "billableWeight": 123.75,
    "breakdown": {
      "appliedSurcharges": undefined,
      "destDuty": 150000,
      "dhlAddOnDetails": undefined,
      "dhlAddOnTotal": undefined,
      "handlingFees": 35000,
      "intlBase": 1689000,
      "intlFsc": 0,
      "intlManualSurge": 40000,
      "intlSurge": 40000,
      "intlSystemSurcharge": undefined,
      "intlWarRisk": 0,
      "packingFumigation": 30000,
      "packingLabor": 50000,
      "packingMaterial": 74700,
      "pickupInSeoul": 0,
      "totalCost": 2068700,
    },
    "carrier": "EMAX",
    "profitMargin": 12,
    "totalCostAmount": 2068700,
    "totalQuoteAmount": 2350800,
    "totalQuoteAmountUSD": 1679.14,
  },
  "emax_vn_pickup_and_surge": {
    "billableWeight": 68.25,
    "breakdown": {
      "appliedSurcharges": undefined,
      "destDuty": 0,
      "dhlAddOnDetails": undefined,
      "dhlAddOnTotal": undefined,
      "handlingFees": 35000,
      "intlBase": 705000,
      "intlFsc": 0,
      "intlManualSurge": 25000,
      "intlSurge": 25000,
      "intlSystemSurcharge": undefined,
      "intlWarRisk": 0,
      "packingFumigation": 30000,
      "packingLabor": 50000,
      "packingMaterial": 50100,
      "pickupInSeoul": 80000,
      "totalCost": 975100,
    },
    "carrier": "EMAX",
    "profitMargin": 15,
    "totalCostAmount": 975100,
    "totalQuoteAmount": 1147200,
    "totalQuoteAmountUSD": 819.43,
  },
  "ups_au_high_volumetric": {
    "billableWeight": 222.3,
    "breakdown": {
      "appliedSurcharges": undefined,
      "destDuty": 0,
      "dhlAddOnDetails": [
        {
          "amount": 21400,
          "code": "AHS",
          "fscAmount": 6420,
          "nameEn": "Additional Handling",
          "nameKo": "비규격품부가요금",
        },
      ],
      "dhlAddOnTotal": 27820,
      "handlingFees": 35000,
      "intlBase": 2313402,
      "intlFsc": 694020.6,
      "intlManualSurge": undefined,
      "intlSurge": 0,
      "intlSystemSurcharge": undefined,
      "intlWarRisk": 0,
      "packingFumigation": 30000,
      "packingLabor": 50000,
      "packingMaterial": 97800,
      "pickupInSeoul": 0,
      "totalCost": 3248042.6,
    },
    "carrier": "UPS",
    "profitMargin": 15,
    "totalCostAmount": 3248042.6,
    "totalQuoteAmount": 3821300,
    "totalQuoteAmountUSD": 2729.5,
  },
  "ups_jp_manual_packing": {
    "billableWeight": 63,
    "breakdown": {
      "appliedSurcharges": undefined,
      "destDuty": 0,
      "dhlAddOnDetails": [
        {
          "amount": 64200,
          "code": "AHS",
          "fscAmount": 19260,
          "nameEn": "Additional Handling",
          "nameKo": "비규격품부가요금",
        },
      ],
      "dhlAddOnTotal": 83460,
      "handlingFees": 0,
      "intlBase": 478800,
      "intlFsc": 143640,
      "intlManualSurge": undefined,
      "intlSurge": 0,
      "intlSystemSurcharge": undefined,
      "intlWarRisk": 0,
      "packingFumigation": 0,
      "packingLabor": 0,
      "packingMaterial": 100000,
      "pickupInSeoul": 0,
      "totalCost": 805900,
    },
    "carrier": "UPS",
    "profitMargin": 18.03,
    "totalCostAmount": 805900,
    "totalQuoteAmount": 122000,
    "totalQuoteAmountUSD": 87.14,
  },
  "ups_us_ddp_full_options": {
    "billableWeight": 64.1,
    "breakdown": {
      "appliedSurcharges": undefined,
      "destDuty": 200000,
      "dhlAddOnDetails": [
        {
          "amount": 64200,
          "code": "AHS",
          "fscAmount": 19260,
          "nameEn": "Additional Handling",
          "nameKo": "비규격품부가요금",
        },
        {
          "amount": 28500,
          "code": "DDP",
          "fscAmount": 0,
          "nameEn": "DDP Service Fee",
          "nameKo": "DDP 수수료",
        },
      ],
      "dhlAddOnTotal": 111960,
      "handlingFees": 35000,
      "intlBase": 792870,
      "intlFsc": 237861,
      "intlManualSurge": 35000,
      "intlSurge": 35000,
      "intlSystemSurcharge": undefined,
      "intlWarRisk": 0,
      "packingFumigation": 30000,
      "packingLabor": 150000,
      "packingMaterial": 48000,
      "pickupInSeoul": 60000,
      "totalCost": 1700691,
    },
    "carrier": "UPS",
    "profitMargin": 15,
    "totalCostAmount": 1700691,
    "totalQuoteAmount": 2000900,
    "totalQuoteAmountUSD": 1429.21,
  },
  "ups_vn_vacuum_fob": {
    "billableWeight": 92.4,
    "breakdown": {
      "appliedSurcharges": undefined,
      "destDuty": 0,
      "dhlAddOnDetails": [
        {
          "amount": 42800,
          "code": "AHS",
          "fscAmount": 12840,
          "nameEn": "Additional Handling",
          "nameKo": "비규격품부가요금",
        },
      ],
      "dhlAddOnTotal": 55640,
      "handlingFees": 35000,
      "intlBase": 653790,
      "intlFsc": 196137,
      "intlManualSurge": undefined,
      "intlSurge": 0,
      "intlSystemSurcharge": undefined,
      "intlWarRisk": 0,
      "packingFumigation": 30000,
      "packingLabor": 150000,
      "packingMaterial": 68100,
      "pickupInSeoul": 0,
      "totalCost": 1188667,
    },
    "carrier": "UPS",
    "profitMargin": 25.01,
    "totalCostAmount": 1188667,
    "totalQuoteAmount": 377500,
    "totalQuoteAmountUSD": 269.64,
  },
}
`;
