// Vitest Snapshot v1, https://vitest.dev/guide/snapshot.html

exports[`Calculation Parity Tests (Frontend) > snapshots all fixture outputs for cross-platform comparison 1`] = `
{
  "basic_ups_us_wooden_box": {
    "billableWeight": 54,
    "breakdown": {
      "appliedSurcharges": undefined,
      "carrierAddOnDetails": [
        {
          "amount": 42800,
          "code": "AHS",
          "fscAmount": 12840,
          "nameEn": "Additional Handling",
          "nameKo": "비규격품부가요금",
        },
      ],
      "carrierAddOnTotal": 55640,
      "destDuty": 0,
      "handlingFees": 0,
      "intlBase": 658692,
      "intlFsc": 227249,
      "intlManualSurge": undefined,
      "intlSurge": 0,
      "intlSystemSurcharge": undefined,
      "intlWarRisk": 0,
      "packingFumigation": 30000,
      "packingLabor": 100000,
      "packingMaterial": 47700,
      "pickupInSeoul": 0,
      "totalCost": 1089640,
    },
    "carrier": "UPS",
    "profitMargin": 15,
    "totalCostAmount": 1089640,
    "totalQuoteAmount": 1218100,
    "totalQuoteAmountUSD": 870.07,
  },
  "dhl_eu_with_pickup": {
    "billableWeight": 5,
    "breakdown": {
      "appliedSurcharges": undefined,
      "carrierAddOnDetails": undefined,
      "carrierAddOnTotal": undefined,
      "destDuty": 0,
      "handlingFees": 0,
      "intlBase": 153482,
      "intlFsc": 51570,
      "intlManualSurge": undefined,
      "intlSurge": 0,
      "intlSystemSurcharge": undefined,
      "intlWarRisk": 0,
      "packingFumigation": 0,
      "packingLabor": 0,
      "packingMaterial": 0,
      "pickupInSeoul": 50000,
      "totalCost": 246457,
    },
    "carrier": "DHL",
    "profitMargin": 20,
    "totalCostAmount": 246457,
    "totalQuoteAmount": 285800,
    "totalQuoteAmountUSD": 204.14,
  },
  "dhl_gb_zero_margin": {
    "billableWeight": 8,
    "breakdown": {
      "appliedSurcharges": undefined,
      "carrierAddOnDetails": undefined,
      "carrierAddOnTotal": undefined,
      "destDuty": 0,
      "handlingFees": 0,
      "intlBase": 201818,
      "intlFsc": 60545,
      "intlManualSurge": undefined,
      "intlSurge": 0,
      "intlSystemSurcharge": undefined,
      "intlWarRisk": 0,
      "packingFumigation": 0,
      "packingLabor": 0,
      "packingMaterial": 0,
      "pickupInSeoul": 0,
      "totalCost": 262363,
    },
    "carrier": "DHL",
    "profitMargin": 0,
    "totalCostAmount": 262363,
    "totalQuoteAmount": 262400,
    "totalQuoteAmountUSD": 187.43,
  },
  "dhl_sg_no_packing": {
    "billableWeight": 10,
    "breakdown": {
      "appliedSurcharges": undefined,
      "carrierAddOnDetails": undefined,
      "carrierAddOnTotal": undefined,
      "destDuty": 0,
      "handlingFees": 0,
      "intlBase": 114874,
      "intlFsc": 39632,
      "intlManualSurge": undefined,
      "intlSurge": 0,
      "intlSystemSurcharge": undefined,
      "intlWarRisk": 0,
      "packingFumigation": 0,
      "packingLabor": 0,
      "packingMaterial": 0,
      "pickupInSeoul": 0,
      "totalCost": 149336,
    },
    "carrier": "DHL",
    "profitMargin": 15,
    "totalCostAmount": 149336,
    "totalQuoteAmount": 171800,
    "totalQuoteAmountUSD": 122.71,
  },
  "emax_cn_ddp_with_surge": {
    "billableWeight": 123.75,
    "breakdown": {
      "appliedSurcharges": undefined,
      "carrierAddOnDetails": undefined,
      "carrierAddOnTotal": undefined,
      "destDuty": 150000,
      "handlingFees": 0,
      "intlBase": 1689000,
      "intlFsc": 0,
      "intlManualSurge": 40000,
      "intlSurge": 40000,
      "intlSystemSurcharge": undefined,
      "intlWarRisk": 0,
      "packingFumigation": 30000,
      "packingLabor": 50000,
      "packingMaterial": 74700,
      "pickupInSeoul": 0,
      "totalCost": 2033700,
    },
    "carrier": "EMAX",
    "profitMargin": 12,
    "totalCostAmount": 2033700,
    "totalQuoteAmount": 2236400,
    "totalQuoteAmountUSD": 1597.43,
  },
  "emax_vn_pickup_and_surge": {
    "billableWeight": 68.25,
    "breakdown": {
      "appliedSurcharges": undefined,
      "carrierAddOnDetails": undefined,
      "carrierAddOnTotal": undefined,
      "destDuty": 0,
      "handlingFees": 0,
      "intlBase": 705000,
      "intlFsc": 0,
      "intlManualSurge": 25000,
      "intlSurge": 25000,
      "intlSystemSurcharge": undefined,
      "intlWarRisk": 0,
      "packingFumigation": 30000,
      "packingLabor": 50000,
      "packingMaterial": 50100,
      "pickupInSeoul": 80000,
      "totalCost": 940100,
    },
    "carrier": "EMAX",
    "profitMargin": 15,
    "totalCostAmount": 940100,
    "totalQuoteAmount": 1045900,
    "totalQuoteAmountUSD": 747.07,
  },
  "ups_au_high_volumetric": {
    "billableWeight": 222.3,
    "breakdown": {
      "appliedSurcharges": undefined,
      "carrierAddOnDetails": [
        {
          "amount": 21400,
          "code": "AHS",
          "fscAmount": 6420,
          "nameEn": "Additional Handling",
          "nameKo": "비규격품부가요금",
        },
      ],
      "carrierAddOnTotal": 27820,
      "destDuty": 0,
      "handlingFees": 0,
      "intlBase": 2313402,
      "intlFsc": 798124,
      "intlManualSurge": undefined,
      "intlSurge": 0,
      "intlSystemSurcharge": undefined,
      "intlWarRisk": 0,
      "packingFumigation": 30000,
      "packingLabor": 50000,
      "packingMaterial": 97800,
      "pickupInSeoul": 0,
      "totalCost": 3213043,
    },
    "carrier": "UPS",
    "profitMargin": 15,
    "totalCostAmount": 3213043,
    "totalQuoteAmount": 3664200,
    "totalQuoteAmountUSD": 2617.29,
  },
  "ups_jp_manual_packing": {
    "billableWeight": 63,
    "breakdown": {
      "appliedSurcharges": undefined,
      "carrierAddOnDetails": [
        {
          "amount": 64200,
          "code": "AHS",
          "fscAmount": 19260,
          "nameEn": "Additional Handling",
          "nameKo": "비규격품부가요금",
        },
      ],
      "carrierAddOnTotal": 83460,
      "destDuty": 0,
      "handlingFees": 0,
      "intlBase": 478800,
      "intlFsc": 169495,
      "intlManualSurge": undefined,
      "intlSurge": 0,
      "intlSystemSurcharge": undefined,
      "intlWarRisk": 0,
      "packingFumigation": 0,
      "packingLabor": 0,
      "packingMaterial": 100000,
      "pickupInSeoul": 0,
      "totalCost": 805900,
    },
    "carrier": "UPS",
    "profitMargin": 18,
    "totalCostAmount": 805900,
    "totalQuoteAmount": 918000,
    "totalQuoteAmountUSD": 655.71,
  },
  "ups_us_ddp_full_options": {
    "billableWeight": 64.1,
    "breakdown": {
      "appliedSurcharges": undefined,
      "carrierAddOnDetails": [
        {
          "amount": 64200,
          "code": "AHS",
          "fscAmount": 19260,
          "nameEn": "Additional Handling",
          "nameKo": "비규격품부가요금",
        },
        {
          "amount": 28500,
          "code": "DDP",
          "fscAmount": 0,
          "nameEn": "DDP Service Fee",
          "nameKo": "DDP 수수료",
        },
      ],
      "carrierAddOnTotal": 111960,
      "destDuty": 200000,
      "handlingFees": 0,
      "intlBase": 792870,
      "intlFsc": 273540,
      "intlManualSurge": 35000,
      "intlSurge": 35000,
      "intlSystemSurcharge": undefined,
      "intlWarRisk": 0,
      "packingFumigation": 30000,
      "packingLabor": 150000,
      "packingMaterial": 48000,
      "pickupInSeoul": 60000,
      "totalCost": 1665691,
    },
    "carrier": "UPS",
    "profitMargin": 15,
    "totalCostAmount": 1665691,
    "totalQuoteAmount": 1820400,
    "totalQuoteAmountUSD": 1300.29,
  },
  "ups_vn_vacuum_fob": {
    "billableWeight": 92.4,
    "breakdown": {
      "appliedSurcharges": undefined,
      "carrierAddOnDetails": [
        {
          "amount": 42800,
          "code": "AHS",
          "fscAmount": 12840,
          "nameEn": "Additional Handling",
          "nameKo": "비규격품부가요금",
        },
      ],
      "carrierAddOnTotal": 55640,
      "destDuty": 0,
      "handlingFees": 0,
      "intlBase": 653790,
      "intlFsc": 245171,
      "intlManualSurge": undefined,
      "intlSurge": 0,
      "intlSystemSurcharge": undefined,
      "intlWarRisk": 0,
      "packingFumigation": 30000,
      "packingLabor": 150000,
      "packingMaterial": 68100,
      "pickupInSeoul": 0,
      "totalCost": 1153667,
    },
    "carrier": "UPS",
    "profitMargin": 25,
    "totalCostAmount": 1153667,
    "totalQuoteAmount": 1366200,
    "totalQuoteAmountUSD": 975.86,
  },
}
`;
